// Jest Snapshot v1, https://goo.gl/fbAQLP

exports[`displayBankAccount should render correctly 1`] = `ShallowWrapper {}`;
