// Jest Snapshot v1, https://goo.gl/fbAQLP

exports[`Button Matches 1`] = `
<buton>
   only for testing 
</buton>
`;
